============================= test session starts ==============================
platform linux2 -- Python 2.7.18, pytest-3.10.1, py-1.8.1, pluggy-0.13.1
Using --random-order-bucket=module
Using --random-order-seed=346005

Spark will be initialized with options:
  spark.app.name: spooq-pyspark-tests
  spark.default.parallelism: 1
  spark.driver.extraClassPath: ../bin/custom_jars/sqlite-jdbc.jar
  spark.dynamicAllocation.enabled: false
  spark.executor.cores: 1
  spark.executor.extraClassPath: ../bin/custom_jars/sqlite-jdbc.jar
  spark.executor.instances: 7
  spark.io.compression.codec: lz4
  spark.rdd.compress: false
  spark.shuffle.compress: false
  spark.sql.shuffle.partitions: 1
rootdir: /home/david/projects/spooq2/tests, inifile: pytest.ini
plugins: doubles-1.5.0, sugar-0.9.2, cov-2.5.1, random-order-0.8.0, metadata-1.8.0, env-0.6.2, assume-1.2.1, mock-2.0.0, html-1.19.0, pspec-0.0.3, spark-0.5.2
collected 6 items                                                                                                                                                                            

unit/transformer/test_exploder.py                                                                                                                                                                                               
Exploding
 ✓ exploded array is added
 ✓ count
                                                                                                                                                                                              
Mapper for Exploding Arrays
 ✓ name is set
 ✓ str representation is correct
                                                                                                                                                                                              
Exploding
 ✓ array is converted to struct
                                                                                                                                                                                              
Mapper for Exploding Arrays
 ✓ logger should be accessible
                                                                                                                                                                                       

=========================== 6 passed in 7.20 seconds ==========================
